[nooflow.com/index.html]
[nooflow.com/wp-content/cache/min/1/3a8ded9563180c17678d7de2905eeef2.css]
[nooflow.com/wp-includes/js/jquery/jqueryb8ff.js]
[backblue.gif]
[fade.gif]
[index.html]
[nooflow.com/wp-content/cache/min/1/660d492089b6a3be570686a1485fe4d7.js]
[nooflow.com/wp-content/themes/nooflow-understrap-child/img/favicon.png]
[www.google-analytics.com/analytics.js]
[nooflow.com/wp-content/themes/nooflow-understrap-child/img/logo.png]
[nooflow.com/wp-content/themes/nooflow-understrap-child/img/menu-logo.png]
[nooflow.com/wp-content/themes/nooflow-understrap-child/img/arrow-left.png]
[nooflow.com/wp-json/index.html]
[nooflow.com/shop/index.html]
[nooflow.com/wp-content/themes/nooflow-understrap-child/img/arrow-right.png]
[nooflow.com/ingredients/index.html]
[nooflow.com/how-it-works/index.html]
[nooflow.com/wp-content/themes/nooflow-understrap-child/img/follow-down.png]
[nooflow.com/frequently-asked-questions/index.html]
[nooflow.com/contact/index.html]
[nooflow.com/wp-content/themes/nooflow-understrap-child/img/follow-down-arrow.png]
[nooflow.com/blog/index.html]
[nooflow.com/wp-content/themes/nooflow-understrap-child/img/brain-en.png]
[nooflow.com/client-area/index.html]
[nooflow.com/wp-content/themes/nooflow-understrap-child/img/slide-1.png]
[nooflow.com/wp-content/themes/nooflow-understrap-child/img/slide-2.png]
[nooflow.com/wp-content/themes/nooflow-understrap-child/img/slide-3.png]
[nooflow.com/wp-content/themes/nooflow-understrap-child/img/hero-down.png]
[nooflow.com/wp-content/themes/nooflow-understrap-child/img/logo-red.png]
[nooflow.com/wp-content/themes/nooflow-understrap-child/img/badge.png]
[nooflow.com/wp-content/themes/nooflow-understrap-child/img/natural.png]
[nooflow.com/wp-content/themes/nooflow-understrap-child/img/vegan.png]
[nooflow.com/wp-content/themes/nooflow-understrap-child/img/embase-down.png]
[user-images.trustpilot.com/5ac75cfd4de5666d34bc2c6d/73x73.png]
[nooflow.com/wp-content/themes/nooflow-understrap-child/img/tp-assets/5-stars_130x24.png]
[nooflow.com/wp-content/themes/nooflow-understrap-child/img/tp-assets/tp-logo_120x13.png]
[nooflow.com/wp-content/themes/nooflow-understrap-child/img/avatar.jpg]
[nooflow.com/wp-content/themes/nooflow-understrap-child/img/ft-1.png]
[nooflow.com/wp-content/themes/nooflow-understrap-child/img/ft-2.png]
[nooflow.com/wp-content/themes/nooflow-understrap-child/img/ft-3.png]
[nooflow.com/wp-content/themes/nooflow-understrap-child/img/who.png]
[nooflow.com/wp-content/themes/nooflow-understrap-child/img/product-buy.png]
[nooflow.com/wp-content/themes/nooflow-understrap-child/img/ws.png]
[nooflow.com/wp-content/themes/nooflow-understrap-child/img/cards.png]
[app.chaport.com/javascripts/insert.js]
[nooflow.com/wp-content/cache/min/1/226599416f8fd5f9cc1ceffad3a9817c.js]
[nooflow.com/wp-content/themes/nooflow-understrap-child/img/logo-footer.png]
[nooflow.com/wp-content/themes/nooflow-understrap-child/img/arrow-up.png]
[nooflow.com/index.html]
[nooflow.com/delivery-policy/index.html]
[nooflow.com/terms-and-conditions/index.html]
[nooflow.com/return-and-refund/index.html]
[nooflow.com/privacy-policy/index.html]
[nooflow.com/wp-content/plugins/contact-form-7/images/ajax-loader.gif]
[nooflow.com/wp-content/themes/nooflow-understrap-child/fonts/fontawesome-webfont3e6e.eot]
[nooflow.com/wp-content/themes/nooflow-understrap-child/fonts/fontawesome-webfontd41d.eot]
[nooflow.com/wp-content/themes/nooflow-understrap-child/fonts/fontawesome-webfont3e6e.woff2]
[nooflow.com/wp-content/themes/nooflow-understrap-child/fonts/fontawesome-webfont3e6e.woff]
[nooflow.com/wp-content/themes/nooflow-understrap-child/fonts/fontawesome-webfont3e6e.ttf]
[nooflow.com/wp-content/themes/nooflow-understrap-child/fonts/DINPro-Bold.eot]
[nooflow.com/wp-content/themes/nooflow-understrap-child/fonts/DINPro-Bold.woff]
[nooflow.com/wp-content/themes/nooflow-understrap-child/fonts/fontawesome-webfont3e6e.svg]
[nooflow.com/wp-content/themes/nooflow-understrap-child/fonts/DINPro-Bold.ttf]
[nooflow.com/wp-content/themes/nooflow-understrap-child/fonts/DINPro.eot]
[nooflow.com/wp-content/themes/nooflow-understrap-child/fonts/DINPro-Bold.svg]
[nooflow.com/wp-content/themes/nooflow-understrap-child/fonts/DINPro.woff]
[nooflow.com/wp-content/themes/nooflow-understrap-child/fonts/DINPro.ttf]
[nooflow.com/wp-content/themes/nooflow-understrap-child/fonts/DINPro.svg]
[nooflow.com/wp-content/themes/nooflow-understrap-child/img/bg-ingredients.jpg]
[nooflow.com/wp-content/themes/nooflow-understrap-child/img/pn.png]
[nooflow.com/wp-content/themes/nooflow-understrap-child/img/envase/FRASCO_00000.png]
[nooflow.com/wp-content/themes/nooflow-understrap-child/img/envase/FRASCO_00001.png]
[nooflow.com/wp-content/themes/nooflow-understrap-child/img/envase/FRASCO_00002.png]
[nooflow.com/wp-content/themes/nooflow-understrap-child/img/envase/FRASCO_00003.png]
[nooflow.com/wp-content/themes/nooflow-understrap-child/img/envase/FRASCO_00004.png]
[nooflow.com/wp-content/themes/nooflow-understrap-child/img/envase/FRASCO_00005.png]
[nooflow.com/wp-content/themes/nooflow-understrap-child/img/envase/FRASCO_00006.png]
[nooflow.com/wp-content/themes/nooflow-understrap-child/img/envase/FRASCO_00007.png]
[nooflow.com/wp-content/themes/nooflow-understrap-child/img/envase/FRASCO_00008.png]
[nooflow.com/wp-content/themes/nooflow-understrap-child/img/envase/FRASCO_00009.png]
[nooflow.com/wp-content/themes/nooflow-understrap-child/img/envase/FRASCO_00010.png]
[nooflow.com/wp-content/themes/nooflow-understrap-child/img/envase/FRASCO_00011.png]
[nooflow.com/wp-content/themes/nooflow-understrap-child/img/pastilla/PASTILLA 2_00000.png]
[nooflow.com/wp-content/themes/nooflow-understrap-child/img/pastilla/PASTILLA 2_00001.png]
[nooflow.com/wp-content/themes/nooflow-understrap-child/img/pastilla/PASTILLA 2_00002.png]
[nooflow.com/wp-content/themes/nooflow-understrap-child/img/pastilla/PASTILLA 2_00003.png]
[nooflow.com/wp-content/themes/nooflow-understrap-child/img/pastilla/PASTILLA 2_00004.png]
[nooflow.com/wp-content/themes/nooflow-understrap-child/img/pastilla/PASTILLA 2_00005.png]
[nooflow.com/wp-content/themes/nooflow-understrap-child/img/pastilla/PASTILLA 2_00006.png]
[nooflow.com/wp-content/themes/nooflow-understrap-child/img/pastilla/PASTILLA 2_00007.png]
[nooflow.com/wp-content/themes/nooflow-understrap-child/img/pastilla/PASTILLA 2_00008.png]
[nooflow.com/wp-content/themes/nooflow-understrap-child/img/pastilla/PASTILLA 2_00009.png]
[nooflow.com/wp-content/themes/nooflow-understrap-child/img/pastilla/PASTILLA 2_00010.png]
[nooflow.com/wp-content/themes/nooflow-understrap-child/img/pastilla/PASTILLA 2_00011.png]
[nooflow.com/wp-content/themes/nooflow-understrap-child/img/bg-shop3.jpg]
[nooflow.com/wp-content/themes/nooflow-understrap-child/img/bg-footer.jpg]
[cdn.shopify.com/s/assets/checkout/dropdown-arrow-down-dark-28046c8256e8793b852da5c568b152cd02148424358f61926621bc827f6be66f.png]
[nooflow.com/wp-content/cache/min/1/3a8ded9563180c17678d7de2905eeef2.css]
[nooflow.com/wp-includes/js/jquery/jqueryb8ff.js]
[nooflow.com/wp-content/cache/min/1/660d492089b6a3be570686a1485fe4d7.js]
[nooflow.com/wp-content/themes/nooflow-understrap-child/img/logo-header-red.png]
[nooflow.com/wp-content/themes/nooflow-understrap-child/img/follow-down-black.png]
[nooflow.com/Version/index.html]
[nooflow.com/wp-content/themes/nooflow-understrap-child/img/follow-down-arrow-black.png]
[nooflow.com/wp-content/themes/nooflow-understrap-child/img/CL-NAM01.png]
[nooflow.com/wp-content/themes/nooflow-understrap-child/img/CL-NAM02.png]
[nooflow.com/wp-content/themes/nooflow-understrap-child/img/CL-NAM03.png]
[nooflow.com/shop/index.html]
[nooflow.com/wp-content/themes/nooflow-understrap-child/img/hiw-hero.png]
[nooflow.com/wp-content/themes/nooflow-understrap-child/img/hero-down-ing-red.png]
[nooflow.com/how-it-works/index.html]
[nooflow.com/wp-content/themes/nooflow-understrap-child/img/ingredients.png]
[nooflow.com/wp-content/themes/nooflow-understrap-child/img/hero-down-ing.png]
[nooflow.com/wp-content/themes/nooflow-understrap-child/img/arrow-left-black.png]
[nooflow.com/wp-content/themes/nooflow-understrap-child/img/arrow-right-black.png]
[nooflow.com/wp-content/themes/nooflow-understrap-child/img/arrow-right-red.png]
[nooflow.com/ingredients/index.html]
[nooflow.com/wp-content/themes/nooflow-understrap-child/img/faq.png]
[nooflow.com/frequently-asked-questions/index.html]
[nooflow.com/wp-content/themes/nooflow-understrap-child/img/contact.png]
[nooflow.com/contact/index.html]
[nooflow.com/wp-content/cache/min/1/5e868b13d1c21bbae38aacfb531461a9.css]
[nooflow.com/wp-content/cache/min/1/28cbe63e342fa642c2eea4564d42ef6a.js]
[nooflow.com/wp-content/plugins/woocommerce/assets/css/woocommerce-smallscreen46df.css]
[nooflow.com/xmlrpc0db0.php]
[nooflow.com/wp-includes/wlwmanifest.xml]
[nooflow.com/comments/feed/index.html]
[nooflow.com/feed/index.html]
[nooflow.com/wp-content/themes/nooflow-type-child/img/logo-header-red.png]
[nooflow.com/wp-content/uploads/2018/05/69986-e1526629278179-1024x512.jpg]
[nooflow.com/wp-content/uploads/2018/05/69887-e1526551951759-1024x512.jpg]
[nooflow.com/wp-content/themes/nooflow-type-child/img/logo-footer.png]
[nooflow.com/wp-content/themes/nooflow-type-child/img/arrow-right.png]
[nooflow.com/blog/improve-your-memory-with-these-5-easy-tips/index.html]
[nooflow.com/blog/get-rid-of-your-anxiety-in-3-easy-steps/index.html]
[nooflow.com/wp-content/themes/nooflow-type-child/img/arrow-up.png]
[nooflow.com/blog/category/brain-enhancement/anxiety-treatment-mood-improvement/index.html]
[nooflow.com/blog/category/brain-enhancement/index.html]
[nooflow.com/blog/index.html]
[nooflow.com/wp-content/cache/min/1/b0f2309d8e9f263bbe92097dfbbd4d16.js]
[nooflow.com/blog/category/brain-enhancement/memory-improvement/index.html]
[nooflow.com/blog/2018/05/index.html]
[nooflow.com/wp-content/plugins/contact-form-7/includes/css/styles972f.css]
[nooflow.com/wp-content/themes/nooflow-understrap-child/css/child-theme.min5152.css]
[nooflow.com/wp-content/plugins/duracelltomi-google-tag-manager/js/gtm4wp-form-move-tracker4b1d.js]
[nooflow.com/wp-content/plugins/duracelltomi-google-tag-manager/js/gtm4wp-woocommerce-enhanced4b1d.js]
[nooflow.com/wp-content/themes/nooflow-understrap-child/js/lib/slick1845.js]
[nooflow.com/wp-content/themes/nooflow-understrap-child/js/lib/ScrollMagic.min1845.js]
[nooflow.com/wp-content/themes/nooflow-understrap-child/js/lib/CSSPlugin.min1845.js]
[nooflow.com/wp-content/themes/nooflow-understrap-child/js/lib/TweenLite.min1845.js]
[nooflow.com/wp-content/themes/nooflow-understrap-child/js/child-theme5152.js]
[nooflow.com/wp-content/plugins/contact-form-7/includes/js/scripts972f.js]
[nooflow.com/wp-content/plugins/woocommerce/assets/js/frontend/add-to-cart.min46df.js]
[nooflow.com/wp-content/plugins/woocommerce/assets/js/jquery-blockui/jquery.blockUI.min44fd.js]
[nooflow.com/client-area/lost-password/index.html]
[nooflow.com/wp-content/plugins/woocommerce/assets/js/js-cookie/js.cookie.min6b25.js]
[nooflow.com/client-area/index.html]
[nooflow.com/wp-content/cache/min/1/226599416f8fd5f9cc1ceffad3a9817c.js]
[nooflow.com/wp-content/themes/nooflow-understrap-child/img/delivery-policy.png]
[nooflow.com/delivery-policy/index.html]
[nooflow.com/wp-content/themes/nooflow-understrap-child/img/return-and-refund.png]
[nooflow.com/return-and-refund/index.html]
[nooflow.com/wp-content/themes/nooflow-understrap-child/img/privacy-policy.png]
[nooflow.com/privacy-policy/”https_/www.google.com/policies/privacy/”]
[nooflow.com/privacy-policy/index.html]
[nooflow.com/wp-content/themes/nooflow-understrap-child/img/terms-and-conditions.png]
[nooflow.com/terms-and-conditions/index.html]
[nooflow.com/wp-content/themes/nooflow-understrap-child/fonts/fontawesome-webfont3e6e.svg]
[nooflow.com/wp-content/themes/nooflow-understrap-child/fonts/DINPro-Bold.svg]
[nooflow.com/wp-content/themes/nooflow-understrap-child/fonts/DINPro.svg]
[nooflow.com/wp-content/themes/nooflow-understrap-child/img/bg-light.html]
[nooflow.com/Version/index.html]
[nooflow.com/TweenLite.min.html]
[nooflow.com/checkout/index.html]
[nooflow.com/shop/index5215.html]
[nooflow.com/shop/indexa46f.html]
[nooflow.com/shop/index45a2.html]
[nooflow.com/wp-content/plugins/woocommerce/assets/fonts/star.eot]
[nooflow.com/wp-content/plugins/woocommerce/assets/fonts/stard41d.eot]
[nooflow.com/wp-content/plugins/woocommerce/assets/fonts/star.woff]
[nooflow.com/wp-content/plugins/woocommerce/assets/fonts/star.ttf]
[nooflow.com/wp-content/plugins/woocommerce/assets/fonts/star.svg]
[nooflow.com/wp-content/plugins/woocommerce/assets/fonts/WooCommerce.eot]
[nooflow.com/wp-content/plugins/woocommerce/assets/fonts/WooCommerced41d.eot]
[nooflow.com/wp-content/plugins/woocommerce/assets/fonts/WooCommerce.woff]
[nooflow.com/wp-content/plugins/woocommerce/assets/fonts/WooCommerce.ttf]
[nooflow.com/wp-content/plugins/woocommerce/assets/fonts/WooCommerce.svg]
[nooflow.com/wp-content/plugins/woocommerce/assets/css/photoswipe/default-skin/default-skin.png]
[nooflow.com/wp-content/plugins/woocommerce/assets/images/icons/credit-cards/visa.svg]
[nooflow.com/wp-content/plugins/woocommerce/assets/images/icons/credit-cards/mastercard.svg]
[nooflow.com/wp-content/plugins/woocommerce/assets/images/icons/credit-cards/laser.svg]
[nooflow.com/wp-content/plugins/woocommerce/assets/images/icons/credit-cards/diners.svg]
[nooflow.com/wp-content/plugins/woocommerce/assets/images/icons/credit-cards/maestro.svg]
[nooflow.com/wp-content/plugins/woocommerce/assets/images/icons/credit-cards/jcb.svg]
[nooflow.com/wp-content/plugins/woocommerce/assets/images/icons/credit-cards/amex.svg]
[nooflow.com/wp-content/plugins/woocommerce/assets/images/icons/credit-cards/discover.svg]
[nooflow.com/wp-content/themes/type/fonts/Sociconf25b.eot]
[nooflow.com/wp-content/themes/type/fonts/Sociconf25b.woff2]
[nooflow.com/wp-content/themes/type/fonts/Sociconf25b.ttf]
[nooflow.com/wp-content/themes/type/fonts/Sociconf25b.woff]
[nooflow.com/wp-content/themes/type/fonts/Sociconf25b.svg]
[nooflow.com/wp-content/themes/nooflow-type-child/img/blog-header-center-logo.png]
[nooflow.com/wp-content/themes/nooflow-type-child/img/optin_bottle300.png]
[nooflow.com/wp-content/themes/nooflow-type-child/img/coupon_icon.png]
[nooflow.com/wp-content/themes/nooflow-type-child/img/bg-footer.jpg]
[nooflow.com/wp-content/cache/min/1/5e868b13d1c21bbae38aacfb531461a9.css]
[nooflow.com/wp-content/cache/min/1/28cbe63e342fa642c2eea4564d42ef6a.js]
[nooflow.com/wp-content/plugins/woocommerce/assets/css/woocommerce-smallscreen46df.css]
[nooflow.com/wp-content/cache/min/1/df40d8fa986db0ae1b7c31e00b09af78.css]
[nooflow.com/wp-content/uploads/2018/05/69986-e1526629278179-1200x580.jpg]
[nooflow.com/wp-content/cache/min/1/88e691547d67a1e8fb28e42ea0a0db96.js]
[nooflow.com/blog/get-rid-of-your-anxiety-in-3-easy-steps/index.html]
[nooflow.com/blog/tag/anxiety/index.html]
[nooflow.com/blog/tag/anxiety-treatment/index.html]
[nooflow.com/blog/tag/get-rid-of-anxiety/index.html]
[nooflow.com/blog/tag/self-improvement/index.html]
[nooflow.com/wp-content/uploads/2018/05/69887-e1526551951759.jpg]
[nooflow.com/blog/improve-your-memory-with-these-5-easy-tips/index.html]
[nooflow.com/blog/tag/brain-enhancement/index.html]
[nooflow.com/blog/tag/memory/index.html]
[nooflow.com/blog/tag/memory-improvement/index.html]
[nooflow.com/wp-content/uploads/2018/05/69986-e1526629278179-520x400.jpg]
[nooflow.com/blog/category/brain-enhancement/anxiety-treatment-mood-improvement/index.html]
[nooflow.com/blog/category/brain-enhancement/index.html]
[nooflow.com/blog/category/brain-enhancement/memory-improvement/index.html]
[nooflow.com/blog/2018/05/index.html]
[nooflow.com/wp-content/cache/min/1/b0f2309d8e9f263bbe92097dfbbd4d16.js]
[nooflow.com/wp-content/plugins/contact-form-7/includes/css/styles972f.css]
[nooflow.com/wp-content/plugins/woocommerce-subscriptions-master/assets/css/view-subscription74c7.css]
[nooflow.com/wp-content/themes/nooflow-understrap-child/css/child-theme.min5152.css]
[nooflow.com/wp-content/plugins/duracelltomi-google-tag-manager/js/gtm4wp-form-move-tracker4b1d.js]
[nooflow.com/wp-content/plugins/duracelltomi-google-tag-manager/js/gtm4wp-woocommerce-enhanced4b1d.js]
[nooflow.com/wp-content/themes/nooflow-understrap-child/js/lib/slick1845.js]
[nooflow.com/wp-content/themes/nooflow-understrap-child/js/lib/ScrollMagic.min1845.js]
[nooflow.com/wp-content/themes/nooflow-understrap-child/js/lib/CSSPlugin.min1845.js]
[nooflow.com/blog/category/brain-enhancement/feed/index.html]
[nooflow.com/wp-content/themes/nooflow-understrap-child/js/lib/TweenLite.min1845.js]
[nooflow.com/wp-content/themes/nooflow-understrap-child/js/child-theme5152.js]
[nooflow.com/blog/category/brain-enhancement/anxiety-treatment-mood-improvement/feed/index.html]
[nooflow.com/blog/category/brain-enhancement/memory-improvement/feed/index.html]
[nooflow.com/wp-content/themes/nooflow-understrap-child/img/CL-NAM03-cart.png]
[nooflow.com/client-area/Version/index.html]
[nooflow.com/client-area/lost-password/index.html]
[nooflow.com/wp-content/plugins/contact-form-7/includes/js/scripts972f.js]
[nooflow.com/wp-content/plugins/woocommerce/assets/js/frontend/add-to-cart.min46df.js]
[nooflow.com/wp-content/plugins/woocommerce/assets/js/jquery-blockui/jquery.blockUI.min44fd.js]
[nooflow.com/wp-content/plugins/woocommerce/assets/js/js-cookie/js.cookie.min6b25.js]
[nooflow.com/wp-content/plugins/woocommerce/assets/js/frontend/woocommerce.min46df.js]
[nooflow.com/privacy-policy/”https_/www.google.com/policies/privacy/”.html]
[nooflow.com/order-status/index.html]
[nooflow.com/wp-content/plugins/woocommerce/assets/fonts/star.svg]
[nooflow.com/wp-content/plugins/woocommerce/assets/fonts/WooCommerce.svg]
[nooflow.com/wp-content/plugins/woocommerce/assets/images/icons/loader.svg]
[nooflow.com/wp-content/plugins/woocommerce/assets/images/icons/credit-cards/visa.svg]
[nooflow.com/wp-content/plugins/woocommerce/assets/images/icons/credit-cards/mastercard.svg]
[nooflow.com/wp-content/plugins/woocommerce/assets/images/icons/credit-cards/laser.svg]
[nooflow.com/wp-content/plugins/woocommerce/assets/images/icons/credit-cards/diners.svg]
[nooflow.com/wp-content/plugins/woocommerce/assets/images/icons/credit-cards/maestro.svg]
[nooflow.com/wp-content/plugins/woocommerce/assets/images/icons/credit-cards/jcb.svg]
[nooflow.com/wp-content/plugins/woocommerce/assets/images/icons/credit-cards/amex.svg]
[nooflow.com/wp-content/plugins/woocommerce/assets/images/icons/credit-cards/discover.svg]
[nooflow.com/wp-content/themes/type/fonts/Sociconf25b.svg]
[nooflow.com/wp-content/cache/min/1/df40d8fa986db0ae1b7c31e00b09af78.css]
[nooflow.com/indexd8bc.html]
[nooflow.com/blog/author/nooflow-content/index.html]
[nooflow.com/blog/tag/anxiety/index.html]
[nooflow.com/blog/tag/anxiety-treatment/index.html]
[nooflow.com/blog/tag/get-rid-of-anxiety/index.html]
[nooflow.com/blog/tag/anxiety-treatment/feed/index.html]
[nooflow.com/blog/tag/get-rid-of-anxiety/feed/index.html]
[nooflow.com/blog/tag/self-improvement/index.html]
[nooflow.com/blog/tag/anxiety/feed/index.html]
[nooflow.com/wp-content/cache/min/1/88e691547d67a1e8fb28e42ea0a0db96.js]
[nooflow.com/indexe8d3.html]
[nooflow.com/blog/tag/brain-enhancement/index.html]
[nooflow.com/blog/tag/memory/index.html]
[nooflow.com/blog/tag/self-improvement/feed/index.html]
[nooflow.com/blog/tag/memory-improvement/index.html]
[nooflow.com/404/index.html]
[nooflow.com/client-area/Version/index.html]
[nooflow.com/wp-content/plugins/woocommerce/assets/js/frontend/lost-password.min46df.js]
[nooflow.com/404/index.html]
[nooflow.com/blog/tag/brain-enhancement/feed/index.html]
[nooflow.com/blog/tag/memory/feed/index.html]
[nooflow.com/blog/tag/memory-improvement/feed/index.html]
